0000 110000000  LI 128
0001 111011000  LI 128
0002 111101000  LI 128
0003 111000111  PUT R7
0004 110000001  LI 1
0005 111011000  LI 1
0006 111011000  LI 1
0007 111000101  PUT R5
0008 110000000  LI 0
0009 111011000  LI 0
0010 111011000  LI 0
0011 010111000  ST R7, 0
0012 110111111  LI 255
0013 111100000  LI 255
0014 111101000  LI 255
0015 010111010  ST R7, 2
0016 010111011  ST R7, 3
0017 110000000  LI 0
0018 111011000  LI 0
0019 111011000  LI 0
0020 010111100  ST R7, 4
0021 010111101  ST R7, 5
0022 011111000  LD R7, 0
0023 111000100  PUT R4
0024 110011111  LDI 31
0025 000111100  CMP R4
0026 100010110  JZ finish, R6
0027 110111101  JZ finish, R6
0028 111100000  JZ finish, R6
0029 111101000  JZ finish, R6
0030 111000110  JZ finish, R6
0031 111110000  JZ finish, R6
0032 111001110  JZ finish, R6
0033 001111100  GET R4
0034 000000100  ADD R4
0035 111000110  PUT R6
0036 110000001  LI 1
0037 111011000  LI 1
0038 111011000  LI 1
0039 111000101  PUT R5
0040 001111100  GET R4
0041 000000101  ADD R5
0042 010111001  ST R7, 1
0043 011111001  LD R7, 1
0044 111000100  PUT R4
0045 110100000  LDI 32
0046 000111100  CMP R4
0047 100010110  JZ next_j, R5
0048 110110000  JZ next_j, R5
0049 111100000  JZ next_j, R5
0050 111101000  JZ next_j, R5
0051 111000101  JZ next_j, R5
0052 111110000  JZ next_j, R5
0053 111001101  JZ next_j, R5
0054 001111100  GET R4
0055 000000100  ADD R4
0056 111000101  PUT R5
0057 001111101  GET R5
0058 010111110  ST R7, 6
0059 011110000  LD R6, 0
0060 111000001  PUT R1
0061 011110001  LD R6, 1
0062 111000010  PUT R2
0063 011101000  LD R5, 0
0064 111000100  PUT R4
0065 011101001  LD R5, 1
0066 111000011  PUT R3
0067 001111001  GET R1
0068 001000000  LSL
0069 101010110  JC a_negative, R5
0070 110011011  JC a_negative, R5
0071 111100000  JC a_negative, R5
0072 111011000  JC a_negative, R5
0073 111000101  JC a_negative, R5
0074 111110000  JC a_negative, R5
0075 111001101  JC a_negative, R5
0076 001111100  GET R4
0077 001000000  LSL
0078 101010110  JC a_ge_b, R5
0079 110111110  JC a_ge_b, R5
0080 111100000  JC a_ge_b, R5
0081 111011000  JC a_ge_b, R5
0082 111000101  JC a_ge_b, R5
0083 111110000  JC a_ge_b, R5
0084 111001101  JC a_ge_b, R5
0085 110100100  JMP same_sign, R5
0086 111100000  JMP same_sign, R5
0087 111011000  JMP same_sign, R5
0088 111000101  JMP same_sign, R5
0089 111110000  JMP same_sign, R5
0090 111001101  JMP same_sign, R5
0091 001111100  GET R4
0092 001000000  LSL
0093 101000110  JNC b_greater, R5
0094 110001011  JNC b_greater, R5
0095 111011000  JNC b_greater, R5
0096 111101000  JNC b_greater, R5
0097 111000101  JNC b_greater, R5
0098 111110000  JNC b_greater, R5
0099 111001101  JNC b_greater, R5
0100 001111001  GET R1
0101 000111100  CMP R4
0102 101010110  JC b_greater, R5
0103 110001011  JC b_greater, R5
0104 111011000  JC b_greater, R5
0105 111101000  JC b_greater, R5
0106 111000101  JC b_greater, R5
0107 111110000  JC b_greater, R5
0108 111001101  JC b_greater, R5
0109 100000110  JNZ a_ge_b, R5
0110 110111110  JNZ a_ge_b, R5
0111 111100000  JNZ a_ge_b, R5
0112 111011000  JNZ a_ge_b, R5
0113 111000101  JNZ a_ge_b, R5
0114 111110000  JNZ a_ge_b, R5
0115 111001101  JNZ a_ge_b, R5
0116 001111010  GET R2
0117 000111011  CMP R3
0118 101010110  JC b_greater, R5
0119 110001011  JC b_greater, R5
0120 111011000  JC b_greater, R5
0121 111101000  JC b_greater, R5
0122 111000101  JC b_greater, R5
0123 111110000  JC b_greater, R5
0124 111001101  JC b_greater, R5
0125 101100000  BRA a_ge_b
0126 001111010  GET R2
0127 111111000  CLC
0128 000010011  SUB R3
0129 010111111  ST R7, 7
0130 011110000  LD R6, 0
0131 000011100  SUBB R4
0132 010111110  ST R7, 6
0133 110010100  JMP update_min, R5
0134 111011000  JMP update_min, R5
0135 111101000  JMP update_min, R5
0136 111000101  JMP update_min, R5
0137 111110000  JMP update_min, R5
0138 111001101  JMP update_min, R5
0139 001111011  GET R3
0140 111111000  CLC
0141 000010010  SUB R2
0142 010111111  ST R7, 7
0143 011111110  LD R7, 6
0144 111000101  PUT R5
0145 011101000  LD R5, 0
0146 000011001  SUBB R1
0147 010111110  ST R7, 6
0148 011111110  LD R7, 6
0149 111000001  PUT R1
0150 011111010  LD R7, 2
0151 000111001  CMP R1
0152 101010110  JC min_keep, R5
0153 110111100  JC min_keep, R5
0154 111011000  JC min_keep, R5
0155 111101000  JC min_keep, R5
0156 111000101  JC min_keep, R5
0157 111110000  JC min_keep, R5
0158 111001101  JC min_keep, R5
0159 100000110  JNZ min_update, R5
0160 110111000  JNZ min_update, R5
0161 111011000  JNZ min_update, R5
0162 111101000  JNZ min_update, R5
0163 111000101  JNZ min_update, R5
0164 111110000  JNZ min_update, R5
0165 111001101  JNZ min_update, R5
0166 011111111  LD R7, 7
0167 111000001  PUT R1
0168 011111011  LD R7, 3
0169 000111001  CMP R1
0170 101010110  JC min_keep, R5
0171 110111100  JC min_keep, R5
0172 111011000  JC min_keep, R5
0173 111101000  JC min_keep, R5
0174 111000101  JC min_keep, R5
0175 111110000  JC min_keep, R5
0176 111001101  JC min_keep, R5
0177 100010110  JZ min_keep, R5
0178 110111100  JZ min_keep, R5
0179 111011000  JZ min_keep, R5
0180 111101000  JZ min_keep, R5
0181 111000101  JZ min_keep, R5
0182 111110000  JZ min_keep, R5
0183 111001101  JZ min_keep, R5
0184 011111110  LD R7, 6
0185 010111010  ST R7, 2
0186 011111111  LD R7, 7
0187 010111011  ST R7, 3
0188 011111110  LD R7, 6
0189 111000001  PUT R1
0190 011111100  LD R7, 4
0191 000111001  CMP R1
0192 101010110  JC max_update, R5
0193 110011111  JC max_update, R5
0194 111100000  JC max_update, R5
0195 111101000  JC max_update, R5
0196 111000101  JC max_update, R5
0197 111110000  JC max_update, R5
0198 111001101  JC max_update, R5
0199 100000110  JNZ max_keep, R5
0200 110100011  JNZ max_keep, R5
0201 111100000  JNZ max_keep, R5
0202 111101000  JNZ max_keep, R5
0203 111000101  JNZ max_keep, R5
0204 111110000  JNZ max_keep, R5
0205 111001101  JNZ max_keep, R5
0206 011111111  LD R7, 7
0207 111000001  PUT R1
0208 011111101  LD R7, 5
0209 000111001  CMP R1
0210 101010110  JC max_update, R5
0211 110011111  JC max_update, R5
0212 111100000  JC max_update, R5
0213 111101000  JC max_update, R5
0214 111000101  JC max_update, R5
0215 111110000  JC max_update, R5
0216 111001101  JC max_update, R5
0217 110100011  JMP max_keep, R5
0218 111100000  JMP max_keep, R5
0219 111101000  JMP max_keep, R5
0220 111000101  JMP max_keep, R5
0221 111110000  JMP max_keep, R5
0222 111001101  JMP max_keep, R5
0223 011111110  LD R7, 6
0224 010111100  ST R7, 4
0225 011111111  LD R7, 7
0226 010111101  ST R7, 5
0227 110000001  LI 1
0228 111011000  LI 1
0229 111011000  LI 1
0230 111000101  PUT R5
0231 011111001  LD R7, 1
0232 000000101  ADD R5
0233 010111001  ST R7, 1
0234 110101011  JMP inner_loop, R5
0235 111011000  JMP inner_loop, R5
0236 111011000  JMP inner_loop, R5
0237 111000101  JMP inner_loop, R5
0238 111110000  JMP inner_loop, R5
0239 111001101  JMP inner_loop, R5
0240 110000001  LI 1
0241 111011000  LI 1
0242 111011000  LI 1
0243 111000101  PUT R5
0244 011111000  LD R7, 0
0245 000000101  ADD R5
0246 010111000  ST R7, 0
0247 110010110  JMP outer_loop, R5
0248 111011000  JMP outer_loop, R5
0249 111011000  JMP outer_loop, R5
0250 111000101  JMP outer_loop, R5
0251 111110000  JMP outer_loop, R5
0252 111001101  JMP outer_loop, R5
0253 110000010  LI 66
0254 111100000  LI 66
0255 111011000  LI 66
0256 111000110  PUT R6
0257 011111010  LD R7, 2
0258 010110000  ST R6, 0
0259 011111011  LD R7, 3
0260 010110001  ST R6, 1
0261 011111100  LD R7, 4
0262 010110010  ST R6, 2
0263 011111101  LD R7, 5
0264 010110011  ST R6, 3
0265 111010000  HALT
