0000 110000000  LI 128
0001 111011000  LI 128
0002 111101000  LI 128
0003 111000111  PUT R7
0004 110000001  LI 1
0005 111011000  LI 1
0006 111011000  LI 1
0007 111000011  PUT R3
0008 110000000  LI 0
0009 111011000  LI 0
0010 111011000  LI 0
0011 010111000  ST R7, 0
0012 110010000  LI 16
0013 111011000  LI 16
0014 111011000  LI 16
0015 010111010  ST R7, 2
0016 110000000  LI 0
0017 111011000  LI 0
0018 111011000  LI 0
0019 010111011  ST R7, 3
0020 011111000  LD R7, 0
0021 111000100  PUT R4
0022 110011111  LDI 31
0023 000111100  CMP R4
0024 100010110  JZ finish, R6
0025 110001010  JZ finish, R6
0026 111011000  JZ finish, R6
0027 111101000  JZ finish, R6
0028 111000110  JZ finish, R6
0029 111110000  JZ finish, R6
0030 111001110  JZ finish, R6
0031 001111100  GET R4
0032 000000100  ADD R4
0033 111000110  PUT R6
0034 001111100  GET R4
0035 000000011  ADD R3
0036 010111001  ST R7, 1
0037 011111001  LD R7, 1
0038 111000100  PUT R4
0039 110100000  LDI 32
0040 000111100  CMP R4
0041 100010110  JZ next_j, R5
0042 110000001  JZ next_j, R5
0043 111011000  JZ next_j, R5
0044 111101000  JZ next_j, R5
0045 111000101  JZ next_j, R5
0046 111110000  JZ next_j, R5
0047 111001101  JZ next_j, R5
0048 001111100  GET R4
0049 000000100  ADD R4
0050 111000101  PUT R5
0051 110000000  LI 0
0052 111011000  LI 0
0053 111011000  LI 0
0054 111000001  PUT R1
0055 011110000  LD R6, 0
0056 111000100  PUT R4
0057 011101000  LD R5, 0
0058 000110100  XOR R4
0059 111000100  PUT R4
0060 110010000  LI 16
0061 111011000  LI 16
0062 111011000  LI 16
0063 001001000  LSR
0064 010111100  ST R7, 4
0065 001111100  GET R4
0066 001001000  LSR
0067 111000100  PUT R4
0068 101010011  BNC count_hi_skip
0069 001111001  GET R1
0070 000000011  ADD R3
0071 111000001  PUT R1
0072 011111100  LD R7, 4
0073 000010011  SUB R3
0074 010111100  ST R7, 4
0075 100000110  JNZ count_hi_loop, R2
0076 110000001  JNZ count_hi_loop, R2
0077 111100000  JNZ count_hi_loop, R2
0078 111011000  JNZ count_hi_loop, R2
0079 111000010  JNZ count_hi_loop, R2
0080 111110000  JNZ count_hi_loop, R2
0081 111001010  JNZ count_hi_loop, R2
0082 011110001  LD R6, 1
0083 111000100  PUT R4
0084 011101001  LD R5, 1
0085 000110100  XOR R4
0086 111000100  PUT R4
0087 110010000  LI 16
0088 111011000  LI 16
0089 111011000  LI 16
0090 001001000  LSR
0091 010111100  ST R7, 4
0092 001111100  GET R4
0093 001001000  LSR
0094 111000100  PUT R4
0095 101010011  BNC count_lo_skip
0096 001111001  GET R1
0097 000000011  ADD R3
0098 111000001  PUT R1
0099 011111100  LD R7, 4
0100 000010011  SUB R3
0101 010111100  ST R7, 4
0102 100000110  JNZ count_lo_loop, R2
0103 110011100  JNZ count_lo_loop, R2
0104 111100000  JNZ count_lo_loop, R2
0105 111011000  JNZ count_lo_loop, R2
0106 111000010  JNZ count_lo_loop, R2
0107 111110000  JNZ count_lo_loop, R2
0108 111001010  JNZ count_lo_loop, R2
0109 011111010  LD R7, 2
0110 000111001  CMP R1
0111 100000011  BZ min_done
0112 101000010  BC min_done
0113 001111001  GET R1
0114 010111010  ST R7, 2
0115 011111011  LD R7, 3
0116 000111001  CMP R1
0117 101010010  BNC max_done
0118 001111001  GET R1
0119 010111011  ST R7, 3
0120 011111001  LD R7, 1
0121 000000011  ADD R3
0122 010111001  ST R7, 1
0123 110100101  JMP inner_loop, R5
0124 111011000  JMP inner_loop, R5
0125 111011000  JMP inner_loop, R5
0126 111000101  JMP inner_loop, R5
0127 111110000  JMP inner_loop, R5
0128 111001101  JMP inner_loop, R5
0129 011111000  LD R7, 0
0130 000000011  ADD R3
0131 010111000  ST R7, 0
0132 110010100  JMP outer_loop, R5
0133 111011000  JMP outer_loop, R5
0134 111011000  JMP outer_loop, R5
0135 111000101  JMP outer_loop, R5
0136 111110000  JMP outer_loop, R5
0137 111001101  JMP outer_loop, R5
0138 110000000  LI 64
0139 111100000  LI 64
0140 111011000  LI 64
0141 111000110  PUT R6
0142 011111010  LD R7, 2
0143 010110000  ST R6, 0
0144 011111011  LD R7, 3
0145 010110001  ST R6, 1
0146 111010000  HALT
