0000 110000000  LI 128
0001 111011000  LI 128
0002 111101000  LI 128
0003 111000111  PUT R7
0004 110001000  LI 136
0005 111011000  LI 136
0006 111101000  LI 136
0007 111000110  PUT R6
0008 110010000  LI 144
0009 111011000  LI 144
0010 111101000  LI 144
0011 111000101  PUT R5
0012 110000001  LI 1
0013 111011000  LI 1
0014 111011000  LI 1
0015 111000011  PUT R3
0016 110000000  LI 0
0017 111011000  LI 0
0018 111011000  LI 0
0019 010111000  ST R7, 0
0020 011111000  LD R7, 0
0021 111000001  PUT R1
0022 110010000  LDI 16
0023 000111001  CMP R1
0024 100010110  JZ finish, R4
0025 110100110  JZ finish, R4
0026 111100000  JZ finish, R4
0027 111101000  JZ finish, R4
0028 111000100  JZ finish, R4
0029 111110000  JZ finish, R4
0030 111001100  JZ finish, R4
0031 001111001  GET R1
0032 000000001  ADD R1
0033 000000001  ADD R1
0034 000000001  ADD R1
0035 111000010  PUT R2
0036 010111011  ST R7, 3
0037 110000000  LI 64
0038 111100000  LI 64
0039 111011000  LI 64
0040 000000010  ADD R2
0041 010111010  ST R7, 2
0042 110000000  LI 0
0043 111011000  LI 0
0044 111011000  LI 0
0045 010111001  ST R7, 1
0046 010110000  ST R6, 0
0047 010110001  ST R6, 1
0048 010110010  ST R6, 2
0049 010110011  ST R6, 3
0050 010110100  ST R6, 4
0051 010110101  ST R6, 5
0052 011111011  LD R7, 3
0053 111000100  PUT R4
0054 011100000  LD R4, 0
0055 111000001  PUT R1
0056 011100001  LD R4, 1
0057 111000010  PUT R2
0058 001111001  GET R1
0059 001000000  LSL
0060 101000110  JNC a_positive, R4
0061 110010011  JNC a_positive, R4
0062 111100000  JNC a_positive, R4
0063 111011000  JNC a_positive, R4
0064 111000100  JNC a_positive, R4
0065 111110000  JNC a_positive, R4
0066 111001100  JNC a_positive, R4
0067 110000001  LI 1
0068 111011000  LI 1
0069 111011000  LI 1
0070 010111001  ST R7, 1
0071 110000000  LDI 0
0072 000010010  SUB R2
0073 010110111  ST R6, 7
0074 110000000  LDI 0
0075 000011001  SUBB R1
0076 010110110  ST R6, 6
0077 110010111  JMP load_b, R4
0078 111100000  JMP load_b, R4
0079 111011000  JMP load_b, R4
0080 111000100  JMP load_b, R4
0081 111110000  JMP load_b, R4
0082 111001100  JMP load_b, R4
0083 001111001  GET R1
0084 010110110  ST R6, 6
0085 001111010  GET R2
0086 010110111  ST R6, 7
0087 011111011  LD R7, 3
0088 111000100  PUT R4
0089 011100010  LD R4, 2
0090 111000001  PUT R1
0091 011100011  LD R4, 3
0092 111000010  PUT R2
0093 001111001  GET R1
0094 001000000  LSL
0095 101000110  JNC b_positive, R4
0096 110110101  JNC b_positive, R4
0097 111100000  JNC b_positive, R4
0098 111011000  JNC b_positive, R4
0099 111000100  JNC b_positive, R4
0100 111110000  JNC b_positive, R4
0101 111001100  JNC b_positive, R4
0102 011111001  LD R7, 1
0103 000110011  XOR R3
0104 010111001  ST R7, 1
0105 110000000  LDI 0
0106 000010010  SUB R2
0107 010101001  ST R5, 1
0108 110000000  LDI 0
0109 000011001  SUBB R1
0110 010101000  ST R5, 0
0111 110111001  JMP multiply_init, R4
0112 111100000  JMP multiply_init, R4
0113 111011000  JMP multiply_init, R4
0114 111000100  JMP multiply_init, R4
0115 111110000  JMP multiply_init, R4
0116 111001100  JMP multiply_init, R4
0117 001111001  GET R1
0118 010101000  ST R5, 0
0119 001111010  GET R2
0120 010101001  ST R5, 1
0121 110010000  LI 16
0122 111011000  LI 16
0123 111011000  LI 16
0124 010111100  ST R7, 4
0125 011101001  LD R5, 1
0126 001001000  LSR
0127 101000110  JNC skip_add, R4
0128 110011010  JNC skip_add, R4
0129 111011000  JNC skip_add, R4
0130 111101000  JNC skip_add, R4
0131 111000100  JNC skip_add, R4
0132 111110000  JNC skip_add, R4
0133 111001100  JNC skip_add, R4
0134 011110111  LD R6, 7
0135 111000001  PUT R1
0136 011110011  LD R6, 3
0137 000000001  ADD R1
0138 010110011  ST R6, 3
0139 011110110  LD R6, 6
0140 111000001  PUT R1
0141 011110010  LD R6, 2
0142 000001001  ADDC R1
0143 010110010  ST R6, 2
0144 011110101  LD R6, 5
0145 111000001  PUT R1
0146 011110001  LD R6, 1
0147 000001001  ADDC R1
0148 010110001  ST R6, 1
0149 011110100  LD R6, 4
0150 111000001  PUT R1
0151 011110000  LD R6, 0
0152 000001001  ADDC R1
0153 010110000  ST R6, 0
0154 011110111  LD R6, 7
0155 001000000  LSL
0156 010110111  ST R6, 7
0157 011110110  LD R6, 6
0158 001010000  ROL
0159 010110110  ST R6, 6
0160 011110101  LD R6, 5
0161 001010000  ROL
0162 010110101  ST R6, 5
0163 011110100  LD R6, 4
0164 001010000  ROL
0165 010110100  ST R6, 4
0166 011101000  LD R5, 0
0167 001001000  LSR
0168 010101000  ST R5, 0
0169 011101001  LD R5, 1
0170 001011000  ROR
0171 010101001  ST R5, 1
0172 011111100  LD R7, 4
0173 000010011  SUB R3
0174 010111100  ST R7, 4
0175 100000110  JNZ mult_loop, R4
0176 110111101  JNZ mult_loop, R4
0177 111100000  JNZ mult_loop, R4
0178 111011000  JNZ mult_loop, R4
0179 111000100  JNZ mult_loop, R4
0180 111110000  JNZ mult_loop, R4
0181 111001100  JNZ mult_loop, R4
0182 011111001  LD R7, 1
0183 000111011  CMP R3
0184 100000110  JNZ store_product, R4
0185 110010011  JNZ store_product, R4
0186 111100000  JNZ store_product, R4
0187 111101000  JNZ store_product, R4
0188 111000100  JNZ store_product, R4
0189 111110000  JNZ store_product, R4
0190 111001100  JNZ store_product, R4
0191 011110011  LD R6, 3
0192 111000001  PUT R1
0193 110000000  LDI 0
0194 000010001  SUB R1
0195 010110011  ST R6, 3
0196 011110010  LD R6, 2
0197 111000001  PUT R1
0198 110000000  LDI 0
0199 000011001  SUBB R1
0200 010110010  ST R6, 2
0201 011110001  LD R6, 1
0202 111000001  PUT R1
0203 110000000  LDI 0
0204 000011001  SUBB R1
0205 010110001  ST R6, 1
0206 011110000  LD R6, 0
0207 111000001  PUT R1
0208 110000000  LDI 0
0209 000011001  SUBB R1
0210 010110000  ST R6, 0
0211 011111010  LD R7, 2
0212 111000100  PUT R4
0213 011110000  LD R6, 0
0214 010100000  ST R4, 0
0215 011110001  LD R6, 1
0216 010100001  ST R4, 1
0217 011110010  LD R6, 2
0218 010100010  ST R4, 2
0219 011110011  LD R6, 3
0220 010100011  ST R4, 3
0221 011111000  LD R7, 0
0222 000000011  ADD R3
0223 010111000  ST R7, 0
0224 110010100  JMP pair_loop, R4
0225 111011000  JMP pair_loop, R4
0226 111011000  JMP pair_loop, R4
0227 111000100  JMP pair_loop, R4
0228 111110000  JMP pair_loop, R4
0229 111001100  JMP pair_loop, R4
0230 111010000  HALT
